\BOOKMARK [1][-]{section.1}{\376\377\116\015\211\201\137\330\213\260}{}% 1
\BOOKMARK [2][-]{subsection.1.1}{\376\377\127\037\122\066\000c\000p\000h\000\050\116\305\000l\000i\000n\000u\000x\000\051}{section.1}% 2
\BOOKMARK [2][-]{subsection.1.2}{\376\377\127\037\122\066\000c\000p\000h\000\050\121\150\136\163\123\360\000\051}{section.1}% 3
\BOOKMARK [2][-]{subsection.1.3}{\376\377\226\217\147\072\145\160}{section.1}% 4
\BOOKMARK [2][-]{subsection.1.4}{\376\377\133\371\142\315}{section.1}% 5
\BOOKMARK [2][-]{subsection.1.5}{\376\377\211\343\226\144\000p\000y\000t\000h\000o\000n\131\047\145\160\226\120\122\066}{section.1}% 6
\BOOKMARK [2][-]{subsection.1.6}{\376\377\136\070\165\050\121\375\145\160}{section.1}% 7
\BOOKMARK [2][-]{subsection.1.7}{\376\377\232\330\174\276\136\246}{section.1}% 8
\BOOKMARK [2][-]{subsection.1.8}{\376\377\000v\000e\000c\000t\000o\000r\166\370\121\163}{section.1}% 9
\BOOKMARK [2][-]{subsection.1.9}{\376\377\145\164\145\160\127\337\116\011\122\006}{section.1}% 10
\BOOKMARK [2][-]{subsection.1.10}{\376\377\217\320\210\114\145\366\225\364}{section.1}% 11
\BOOKMARK [2][-]{subsection.1.11}{\376\377\213\260\137\227\137\353\213\373\137\353\217\223}{section.1}% 12
\BOOKMARK [2][-]{subsection.1.12}{\376\377\377\001\377\001\377\001\145\160\143\156\203\003\126\364}{section.1}% 13
\BOOKMARK [2][-]{subsection.1.13}{\376\377\000\137\000\137\000i\000n\000t\0001\0002\0008\166\204\117\177\165\050}{section.1}% 14
\BOOKMARK [2][-]{subsection.1.14}{\376\377\137\353\213\373\152\041\147\177}{section.1}% 15
\BOOKMARK [2][-]{subsection.1.15}{\376\377\226\217\147\072\145\160\165\037\142\020\126\150}{section.1}% 16
\BOOKMARK [2][-]{subsection.1.16}{\376\377\226\217\147\072\126\376}{section.1}% 17
\BOOKMARK [2][-]{subsection.1.17}{\376\377\133\371\142\315\126\150}{section.1}% 18
\BOOKMARK [1][-]{section.2}{\376\377\145\160\143\156\176\323\147\204}{}% 19
\BOOKMARK [2][-]{subsection.2.1}{\376\377\133\371\230\166\000m\000u\000l\000t\000i\000s\000e\000t}{section.2}% 20
\BOOKMARK [2][-]{subsection.2.2}{\376\377\136\046\147\103\136\166\147\345\226\306}{section.2}% 21
\BOOKMARK [2][-]{subsection.2.3}{\376\377\000T\000r\000i\000e}{section.2}% 22
\BOOKMARK [2][-]{subsection.2.4}{\376\377\000S\000T\210\150}{section.2}% 23
\BOOKMARK [2][-]{subsection.2.5}{\376\377\150\021\162\266\145\160\176\304}{section.2}% 24
\BOOKMARK [2][-]{subsection.2.6}{\376\377\176\277\153\265\150\021}{section.2}% 25
\BOOKMARK [2][-]{subsection.2.7}{\376\377\220\006\136\217\133\371}{section.2}% 26
\BOOKMARK [2][-]{subsection.2.8}{\376\377\173\033\123\141\134\024\150\021}{section.2}% 27
\BOOKMARK [2][-]{subsection.2.9}{\376\377\123\357\143\001\116\105\123\026}{section.2}% 28
\BOOKMARK [2][-]{subsection.2.10}{\376\377\176\277\153\265\150\021\152\041\147\177}{section.2}% 29
\BOOKMARK [2][-]{subsection.2.11}{\376\377\116\073\136\055\150\021\377\010\123\357\143\001\116\105\123\026\176\277\153\265\150\021\377\011}{section.2}% 30
\BOOKMARK [2][-]{subsection.2.12}{\376\377\137\000\160\271\176\277\153\265\150\021}{section.2}% 31
\BOOKMARK [2][-]{subsection.2.13}{\376\377\147\103\120\074\176\277\153\265\150\021}{section.2}% 32
\BOOKMARK [2][-]{subsection.2.14}{\376\377\176\277\153\265\150\021\116\012\147\000\120\074\144\315\117\134}{section.2}% 33
\BOOKMARK [2][-]{subsection.2.15}{\376\377\176\277\153\265\150\021\116\012\136\217\122\027\144\315\117\134}{section.2}% 34
\BOOKMARK [2][-]{subsection.2.16}{\376\377\227\136\176\317\121\170\176\277\153\265\150\021}{section.2}% 35
\BOOKMARK [2][-]{subsection.2.17}{\376\377\000K\000r\000u\000s\000k\000a\000l\221\315\147\204\150\021}{section.2}% 36
\BOOKMARK [2][-]{subsection.2.18}{\376\377\135\346\120\117\150\021}{section.2}% 37
\BOOKMARK [2][-]{subsection.2.19}{\376\377\206\132\150\021\166\204\147\204\136\372}{section.2}% 38
\BOOKMARK [1][-]{section.3}{\376\377\126\376\213\272}{}% 39
\BOOKMARK [2][-]{subsection.3.1}{\376\377\147\000\167\355\215\357}{section.3}% 40
\BOOKMARK [2][-]{subsection.3.2}{\376\377\147\000\134\017\165\037\142\020\150\021}{section.3}% 41
\BOOKMARK [2][-]{subsection.3.3}{\376\377\142\323\142\121\143\222\136\217}{section.3}% 42
\BOOKMARK [2][-]{subsection.3.4}{\376\377\000L\000C\000A}{section.3}% 43
\BOOKMARK [2][-]{subsection.3.5}{\376\377\150\021\166\204\166\364\137\204\116\016\116\055\137\303}{section.3}% 44
\BOOKMARK [2][-]{subsection.3.6}{\376\377\160\271\122\006\154\273\116\016\150\021\166\204\221\315\137\303}{section.3}% 45
\BOOKMARK [2][-]{subsection.3.7}{\376\377\127\372\163\257\150\021}{section.3}% 46
\BOOKMARK [2][-]{subsection.3.8}{\376\377\000H\000i\000e\000r\000h\000o\000l\000z\000e\000r\154\102\153\047\142\311\215\357}{section.3}% 47
\BOOKMARK [2][-]{subsection.3.9}{\376\377\000D\000S\000U\000\040\000o\000n\000\040\000t\000r\000e\000e}{section.3}% 48
\BOOKMARK [2][-]{subsection.3.10}{\376\377\000t\000a\000r\000j\000a\000n}{section.3}% 49
\BOOKMARK [2][-]{subsection.3.11}{\376\377\150\021\124\310\136\014}{section.3}% 50
\BOOKMARK [2][-]{subsection.3.12}{\376\377\000B\000e\000l\000l\000m\000a\000n\000-\000F\000o\000r\000d\000\040\000/\000\040\000S\000P\000F\000A\377\010\122\044\215\037\163\257\377\011}{section.3}% 51
\BOOKMARK [2][-]{subsection.3.13}{\376\377\000F\000l\000o\000y\000d\000\040\121\150\156\220\147\000\167\355\215\357}{section.3}% 52
\BOOKMARK [2][-]{subsection.3.14}{\376\377\150\021\116\012\120\015\130\236}{section.3}% 53
\BOOKMARK [2][-]{subsection.3.15}{\376\377\150\021\166\204\166\364\137\204}{section.3}% 54
\BOOKMARK [2][-]{subsection.3.16}{\376\377\147\000\131\047\155\101}{section.3}% 55
\BOOKMARK [2][-]{subsection.3.17}{\376\377\147\000\217\321\121\154\121\161\171\126\121\110\377\010\000L\000C\000A\377\011}{section.3}% 56
\BOOKMARK [2][-]{subsection.3.18}{\376\377\150\021\224\376\122\126\122\006}{section.3}% 57
\BOOKMARK [2][-]{subsection.3.19}{\376\377\147\000\131\047\215\357\123\071\221\115}{section.3}% 58
\BOOKMARK [2][-]{subsection.3.20}{\376\377\000D\000i\000j\000k\000s\000t\000r\000a\173\227\154\325}{section.3}% 59
\BOOKMARK [2][-]{subsection.3.21}{\376\377\122\006\134\102\126\376\147\000\167\355\215\357}{section.3}% 60
\BOOKMARK [2][-]{subsection.3.22}{\376\377\123\314\124\021\136\177\144\034}{section.3}% 61
\BOOKMARK [2][-]{subsection.3.23}{\376\377\000t\000a\000r\000j\000a\000n\000\050\137\072\217\336\220\032\122\006\221\317\000\051}{section.3}% 62
\BOOKMARK [2][-]{subsection.3.24}{\376\377\217\271\123\314\217\336\220\032\122\006\221\317}{section.3}% 63
\BOOKMARK [2][-]{subsection.3.25}{\376\377\122\162\217\271}{section.3}% 64
\BOOKMARK [2][-]{subsection.3.26}{\376\377\160\271\123\314\217\336\220\032\122\006\221\317}{section.3}% 65
\BOOKMARK [1][-]{section.4}{\376\377\145\160\133\146}{}% 66
\BOOKMARK [2][-]{subsection.4.1}{\376\377\176\277\140\047\173\133}{section.4}% 67
\BOOKMARK [2][-]{subsection.4.2}{\376\377\126\340\145\160}{section.4}% 68
\BOOKMARK [2][-]{subsection.4.3}{\376\377\137\353\220\037\136\102\116\016\116\130\154\325\220\006\121\103}{section.4}% 69
\BOOKMARK [2][-]{subsection.4.4}{\376\377\143\222\122\027\176\304\124\010\145\160}{section.4}% 70
\BOOKMARK [2][-]{subsection.4.5}{\376\377\000L\000u\000c\000a\000s}{section.4}% 71
\BOOKMARK [2][-]{subsection.4.6}{\376\377\123\141\162\171\121\160\145\160}{section.4}% 72
\BOOKMARK [2][-]{subsection.4.7}{\376\377\145\160\213\272\122\006\127\127}{section.4}% 73
\BOOKMARK [2][-]{subsection.4.8}{\376\377\232\330\145\257\155\210\121\103}{section.4}% 74
\BOOKMARK [2][-]{subsection.4.9}{\376\377\167\351\226\065\137\353\220\037\136\102}{section.4}% 75
\BOOKMARK [2][-]{subsection.4.10}{\376\377\201\352\220\002\136\224\217\233\146\156\150\356\154\325}{section.4}% 76
\BOOKMARK [2][-]{subsection.4.11}{\376\377\131\032\230\171\137\017}{section.4}% 77
\BOOKMARK [2][-]{subsection.4.12}{\376\377\137\353\220\037\136\102}{section.4}% 78
\BOOKMARK [2][-]{subsection.4.13}{\376\377\116\130\154\325\220\006\121\103}{section.4}% 79
\BOOKMARK [2][-]{subsection.4.14}{\376\377\176\304\124\010\145\160\154\102\154\325}{section.4}% 80
\BOOKMARK [2][-]{subsection.4.15}{\376\377\176\277\140\047\127\372}{section.4}% 81
\BOOKMARK [2][-]{subsection.4.16}{\376\377\167\351\226\065\137\353\220\037\136\102\123\312\232\330\145\257\155\210\121\103}{section.4}% 82
\BOOKMARK [2][-]{subsection.4.17}{\376\377\176\277\140\047\173\133\154\102\215\050\126\340\133\120\116\052\145\160\377\010\000O\000m\000e\000g\000a\121\375\145\160\377\011}{section.4}% 83
\BOOKMARK [2][-]{subsection.4.18}{\376\377\176\277\140\047\173\133\000\050\000O\000\050\000n\000\051\000\051}{section.4}% 84
\BOOKMARK [2][-]{subsection.4.19}{\376\377\117\115\217\320\173\227\166\204\220\350\122\006\140\047\215\050}{section.4}% 85
\BOOKMARK [1][-]{section.5}{\376\377\133\127\173\046\116\062}{}% 86
\BOOKMARK [2][-]{subsection.5.1}{\376\377\122\115\177\000\121\375\145\160\116\016\000K\000M\000P}{section.5}% 87
\BOOKMARK [2][-]{subsection.5.2}{\376\377\000M\000a\000n\000a\000c\000h\000e\000r}{section.5}% 88
\BOOKMARK [2][-]{subsection.5.3}{\376\377\133\127\173\046\116\062\124\310\136\014}{section.5}% 89
\BOOKMARK [2][-]{subsection.5.4}{\376\377\000A\000C\201\352\122\250\147\072}{section.5}% 90
\BOOKMARK [2][-]{subsection.5.5}{\376\377\124\016\177\000\201\352\122\250\147\072\000S\000A\000M}{section.5}% 91
\BOOKMARK [2][-]{subsection.5.6}{\376\377\000K\000M\000P\173\227\154\325}{section.5}% 92
\BOOKMARK [2][-]{subsection.5.7}{\376\377\000T\000r\000i\000e\150\021}{section.5}% 93
\BOOKMARK [2][-]{subsection.5.8}{\376\377\000s\000t\000r\000i\000n\000g\136\070\165\050\121\375\145\160}{section.5}% 94
\BOOKMARK [1][-]{section.6}{\376\377\122\250\140\001\211\304\122\022}{}% 95
\BOOKMARK [2][-]{subsection.6.1}{\376\377\145\160\117\115\000D\000P}{section.6}% 96
\BOOKMARK [2][-]{subsection.6.2}{\376\377\123\125\214\003\226\037\122\027\117\030\123\026\377\010\156\321\122\250\172\227\123\343\377\011}{section.6}% 97
\BOOKMARK [2][-]{subsection.6.3}{\376\377\145\340\124\021\126\376\116\012\126\336\215\357\213\241\145\160}{section.6}% 98
\BOOKMARK [2][-]{subsection.6.4}{\376\377\000S\000O\000S\000D\000P}{section.6}% 99
\BOOKMARK [2][-]{subsection.6.5}{\376\377\150\021\137\142\000D\000P}{section.6}% 100
\BOOKMARK [2][-]{subsection.6.6}{\376\377\147\000\225\177\116\015\116\013\226\115\133\120\136\217\122\027}{section.6}% 101
\BOOKMARK [1][-]{section.7}{\376\377\213\241\173\227\121\340\117\125}{}% 102
\BOOKMARK [2][-]{subsection.7.1}{\376\377\000d\000e\000f\000i\000n\000e}{section.7}% 103
\BOOKMARK [2][-]{subsection.7.2}{\376\377\124\021\221\317}{section.7}% 104
\BOOKMARK [2][-]{subsection.7.3}{\376\377\160\271\176\277\144\315\117\134}{section.7}% 105
\BOOKMARK [2][-]{subsection.7.4}{\376\377\131\032\217\271\137\142\116\016\121\370\123\005}{section.7}% 106
\BOOKMARK [2][-]{subsection.7.5}{\376\377\213\241\173\227\121\340\117\125\152\041\147\177}{section.7}% 107
\BOOKMARK [1][-]{section.8}{\376\377\121\166\133\203}{}% 108
\BOOKMARK [2][-]{subsection.8.1}{\376\377\167\351\226\065\122\240\220\037}{section.8}% 109
\BOOKMARK [2][-]{subsection.8.2}{\376\377\136\166\147\345\226\306}{section.8}% 110
\BOOKMARK [2][-]{subsection.8.3}{\376\377\000F\000F\000T\377\010\137\353\220\037\120\205\221\314\123\366\123\330\143\142\377\011}{section.8}% 111
\BOOKMARK [2][-]{subsection.8.4}{\376\377\000N\000T\000T\377\010\145\160\213\272\123\330\143\142\377\011}{section.8}% 112
\BOOKMARK [2][-]{subsection.8.5}{\376\377\142\153\143\317\176\277\173\227\154\325}{section.8}% 113
\BOOKMARK [2][-]{subsection.8.6}{\376\377\147\000\225\177\116\012\123\107\133\120\136\217\122\027}{section.8}% 114
\BOOKMARK [2][-]{subsection.8.7}{\376\377\121\150\143\222\122\027\217\223\121\372}{section.8}% 115
\BOOKMARK [2][-]{subsection.8.8}{\376\377\117\115\217\320\173\227\165\050\154\325}{section.8}% 116
\BOOKMARK [2][-]{subsection.8.9}{\376\377\000M\000a\000p\166\204\117\177\165\050}{section.8}% 117
\BOOKMARK [2][-]{subsection.8.10}{\376\377\117\030\121\110\226\037\122\027\377\010\130\006\377\011}{section.8}% 118
\BOOKMARK [2][-]{subsection.8.11}{\376\377\142\153\143\317\176\277\000+\176\277\153\265\150\021\377\010\167\351\137\142\227\142\171\357\136\166\377\011}{section.8}% 119
\BOOKMARK [2][-]{subsection.8.12}{\376\377\136\372\150\021\123\302\200\003}{section.8}% 120
\BOOKMARK [2][-]{subsection.8.13}{\376\377\000H\000a\000s\000h\150\021}{section.8}% 121
